I'm sorry, but errors were detected in your script. Please correct the
errors listed below, and try again.


File "game/script.rpy", line 52: Line is followed by a block, despite not being a menu choice. Did you forget a colon at the end of the line?
    "run down the stairs"
                         ^

Ren'Py Version: Ren'Py 6.99.14.3135
